[0m15:58:07.797654 [debug] [MainThread]: Sending event: {'category': 'dbt', 'action': 'invocation', 'label': 'start', 'context': [<snowplow_tracker.self_describing_json.SelfDescribingJson object at 0x00000201DC076120>, <snowplow_tracker.self_describing_json.SelfDescribingJson object at 0x00000201D9C5CB90>, <snowplow_tracker.self_describing_json.SelfDescribingJson object at 0x00000201DE963890>]}


============================== 15:58:07.806163 | 0e9fe185-05ad-4d18-ba54-dfc17f4cff01 ==============================
[0m15:58:07.806163 [info ] [MainThread]: Running with dbt=1.12.4
[0m15:58:07.825283 [debug] [MainThread]: running dbt with arguments {'maximum_seed_size_mib': '1', 'no_print': 'None', 'version_check': 'True', 'warn_error_options': 'WarnErrorOptionsV2(error=[], warn=[], silence=[])', 'static_parser': 'True', 'target_path': 'None', 'printer_width': '80', 'write_json': 'True', 'introspect': 'True', 'log_cache_events': 'False', 'empty': 'None', 'cache_selected_only': 'False', 'log_format': 'default', 'debug': 'False', 'fail_fast': 'False', 'partial_parse': 'True', 'send_anonymous_usage_stats': 'True', 'quiet': 'False', 'warn_error': 'None', 'profiles_dir': 'C:\\Users\\MANISH\\.dbt', 'use_colors': 'True', 'hints_enabled': 'True', 'invocation_command': 'dbt init', 'use_experimental_parser': 'False', 'indirect_selection': 'eager', 'log_path': 'logs'}
[0m15:58:20.536165 [debug] [MainThread]: Starter project path: E:\Study\DataEngineering_Dlytica\16th dbt class\dbt_prac\Lib\site-packages\dbt\include\starter_project
[0m15:58:20.568936 [info ] [MainThread]: Setting up your profile.
[0m15:59:53.214598 [info ] [MainThread]: Profile dbt_first_class written to C:\Users\MANISH\.dbt\profiles.yml using target's profile_template.yml and your supplied values.
[0m15:59:53.217611 [info ] [MainThread]: Running dbt debug to validate the project...
[0m15:59:53.218500 [info ] [MainThread]: dbt version: 1.12.4
[0m15:59:53.219146 [info ] [MainThread]: python version: 3.14.4
[0m15:59:53.219680 [info ] [MainThread]: python path: E:\Study\DataEngineering_Dlytica\16th dbt class\dbt_prac\Scripts\python.exe
[0m15:59:53.220266 [info ] [MainThread]: os info: Windows-11-10.0.26200-SP0
[0m15:59:53.271717 [info ] [MainThread]: Using profiles dir at C:\Users\MANISH\.dbt
[0m15:59:53.272913 [info ] [MainThread]: Using profiles.yml file at C:\Users\MANISH\.dbt\profiles.yml
[0m15:59:53.273631 [info ] [MainThread]: Using dbt_project.yml file at E:\Study\DataEngineering_Dlytica\16th dbt class\dbt_first_class\dbt_project.yml
[0m15:59:53.275175 [info ] [MainThread]: adapter type: postgres
[0m15:59:53.275942 [info ] [MainThread]: adapter version: 1.11.0
[0m15:59:53.453295 [info ] [MainThread]: Configuration:
[0m15:59:53.454263 [info ] [MainThread]:   profiles.yml file [[32mOK found and valid[0m]
[0m15:59:53.455282 [info ] [MainThread]:   dbt_project.yml file [[32mOK found and valid[0m]
[0m15:59:53.455956 [info ] [MainThread]: Required dependencies:
[0m15:59:53.456959 [debug] [MainThread]: Executing "git --help"
[0m15:59:53.539856 [debug] [MainThread]: STDOUT: "b"usage: git [-v | --version] [-h | --help] [-C <path>] [-c <name>=<value>]\n           [--exec-path[=<path>]] [--html-path] [--man-path] [--info-path]\n           [-p | --paginate | -P | --no-pager] [--no-replace-objects] [--no-lazy-fetch]\n           [--no-optional-locks] [--no-advice] [--bare] [--git-dir=<path>]\n           [--work-tree=<path>] [--namespace=<name>] [--config-env=<name>=<envvar>]\n           <command> [<args>]\n\nThese are common Git commands used in various situations:\n\nstart a working area (see also: git help tutorial)\n   clone      Clone a repository into a new directory\n   init       Create an empty Git repository or reinitialize an existing one\n\nwork on the current change (see also: git help everyday)\n   add        Add file contents to the index\n   mv         Move or rename a file, a directory, or a symlink\n   restore    Restore working tree files\n   rm         Remove files from the working tree and from the index\n\nexamine the history and state (see also: git help revisions)\n   bisect     Use binary search to find the commit that introduced a bug\n   diff       Show changes between commits, commit and working tree, etc\n   grep       Print lines matching a pattern\n   log        Show commit logs\n   show       Show various types of objects\n   status     Show the working tree status\n\ngrow, mark and tweak your common history\n   backfill   Download missing objects in a partial clone\n   branch     List, create, or delete branches\n   commit     Record changes to the repository\n   merge      Join two or more development histories together\n   rebase     Reapply commits on top of another base tip\n   reset      Set `HEAD` or the index to a known state\n   switch     Switch branches\n   tag        Create, list, delete or verify tags\n\ncollaborate (see also: git help workflows)\n   fetch      Download objects and refs from another repository\n   pull       Fetch from and integrate with another repository or a local branch\n   push       Update remote refs along with associated objects\n\n'git help -a' and 'git help -g' list available subcommands and some\nconcept guides. See 'git help <command>' or 'git help <concept>'\nto read about a specific subcommand or concept.\nSee 'git help git' for an overview of the system.\n""
[0m15:59:53.540781 [debug] [MainThread]: STDERR: "b''"
[0m15:59:53.541454 [info ] [MainThread]:  - git [[32mOK found[0m]

[0m15:59:53.542146 [info ] [MainThread]: Connection:
[0m15:59:53.542849 [info ] [MainThread]:   host: localhost
[0m15:59:53.543444 [info ] [MainThread]:   port: 5432
[0m15:59:53.543989 [info ] [MainThread]:   user: postgres
[0m15:59:53.544524 [info ] [MainThread]:   database: postgres
[0m15:59:53.545045 [info ] [MainThread]:   schema: public
[0m15:59:53.545570 [info ] [MainThread]:   connect_timeout: 10
[0m15:59:53.546038 [info ] [MainThread]:   role: None
[0m15:59:53.546588 [info ] [MainThread]:   search_path: None
[0m15:59:53.547072 [info ] [MainThread]:   keepalives_idle: 0
[0m15:59:53.547676 [info ] [MainThread]:   sslmode: None
[0m15:59:53.548312 [info ] [MainThread]:   sslcert: None
[0m15:59:53.548764 [info ] [MainThread]:   sslkey: None
[0m15:59:53.549353 [info ] [MainThread]:   sslrootcert: None
[0m15:59:53.549940 [info ] [MainThread]:   application_name: dbt
[0m15:59:53.550458 [info ] [MainThread]:   autocommit: False
[0m15:59:53.550919 [info ] [MainThread]:   retries: 1
[0m15:59:53.551765 [info ] [MainThread]: Registered adapter: postgres=1.11.0
[0m15:59:53.980081 [debug] [MainThread]: Acquiring new postgres connection 'debug'
[0m15:59:54.064048 [debug] [MainThread]: Using postgres connection "debug"
[0m15:59:54.064556 [debug] [MainThread]: On debug: select 1 as id
[0m15:59:54.064954 [debug] [MainThread]: Opening a new connection, currently in state init
[0m15:59:54.428972 [debug] [MainThread]: Postgres adapter: Got a retryable error when attempting to open a postgres connection.
1 attempts remaining. Retrying in 0 seconds.
Error:
connection to server at "localhost" (::1), port 5432 failed: FATAL:  password authentication failed for user "postgres"

[0m15:59:54.498283 [debug] [MainThread]: Postgres adapter: Error running SQL: select 1 as id
[0m15:59:54.499159 [debug] [MainThread]: Postgres adapter: Rolling back transaction.
[0m15:59:54.499784 [debug] [MainThread]: On debug: No close available on handle
[0m15:59:54.500388 [info ] [MainThread]:   Connection test: [[31mERROR[0m]

[0m15:59:54.501065 [info ] [MainThread]: [31m1 check failed:[0m
[0m15:59:54.501679 [info ] [MainThread]: dbt was unable to connect to the specified database.
The database returned the following error:

  >Database Error
  connection to server at "localhost" (::1), port 5432 failed: FATAL:  password authentication failed for user "postgres"
  

Check your database credentials and try again. For more information, visit:
https://docs.getdbt.com/docs/configure-your-profile


[0m15:59:54.502465 [info ] [MainThread]: Your new dbt project "dbt_first_class" was created!
Initialized new project in E:\Study\DataEngineering_Dlytica\16th dbt class\dbt_first_class\dbt_first_class

For more information on how to configure the profiles.yml file,
please consult the dbt documentation here:

  https://docs.getdbt.com/docs/configure-your-profile

One more thing:

Need help? Don't hesitate to reach out to us via GitHub issues or on Slack:

  https://community.getdbt.com/

Happy modeling!

[0m15:59:54.503321 [info ] [MainThread]: [31mYour profile may need adjustments. You can find the logs of `dbt debug` above[0m
[0m15:59:54.504880 [debug] [MainThread]: Command `dbt init` succeeded at 15:59:54.504682 after 106.98 seconds
[0m15:59:54.505413 [debug] [MainThread]: Connection 'debug' was properly closed.
[0m15:59:54.505858 [debug] [MainThread]: Sending event: {'category': 'dbt', 'action': 'invocation', 'label': 'end', 'context': [<snowplow_tracker.self_describing_json.SelfDescribingJson object at 0x00000201DE7F9480>, <snowplow_tracker.self_describing_json.SelfDescribingJson object at 0x00000201DEFDB2F0>, <snowplow_tracker.self_describing_json.SelfDescribingJson object at 0x00000201DE776BE0>]}
[0m15:59:54.506443 [debug] [MainThread]: Flushing usage events
[0m15:59:56.229693 [debug] [MainThread]: An error was encountered while trying to flush usage events
[0m16:02:01.027045 [debug] [MainThread]: Sending event: {'category': 'dbt', 'action': 'invocation', 'label': 'start', 'context': [<snowplow_tracker.self_describing_json.SelfDescribingJson object at 0x00000280E52FE120>, <snowplow_tracker.self_describing_json.SelfDescribingJson object at 0x00000280E2EE8CD0>, <snowplow_tracker.self_describing_json.SelfDescribingJson object at 0x00000280E7BEB890>]}


============================== 16:02:01.032740 | e7dbe2cf-3021-4b21-9b4f-4bb640c383ef ==============================
[0m16:02:01.032740 [info ] [MainThread]: Running with dbt=1.12.4
[0m16:02:01.033766 [debug] [MainThread]: running dbt with arguments {'maximum_seed_size_mib': '1', 'no_print': 'None', 'version_check': 'True', 'warn_error_options': 'WarnErrorOptionsV2(error=[], warn=[], silence=[])', 'target_path': 'None', 'static_parser': 'True', 'printer_width': '80', 'write_json': 'True', 'empty': 'None', 'log_cache_events': 'False', 'introspect': 'True', 'cache_selected_only': 'False', 'log_format': 'default', 'debug': 'False', 'fail_fast': 'False', 'profiles_dir': 'C:\\Users\\MANISH\\.dbt', 'send_anonymous_usage_stats': 'True', 'quiet': 'False', 'warn_error': 'None', 'partial_parse': 'True', 'use_colors': 'True', 'hints_enabled': 'True', 'indirect_selection': 'eager', 'use_experimental_parser': 'False', 'invocation_command': 'dbt debug', 'log_path': 'logs'}
[0m16:02:01.054418 [info ] [MainThread]: dbt version: 1.12.4
[0m16:02:01.055420 [info ] [MainThread]: python version: 3.14.4
[0m16:02:01.056132 [info ] [MainThread]: python path: E:\Study\DataEngineering_Dlytica\16th dbt class\dbt_prac\Scripts\python.exe
[0m16:02:01.056700 [info ] [MainThread]: os info: Windows-11-10.0.26200-SP0
[0m16:02:01.143352 [info ] [MainThread]: Using profiles dir at C:\Users\MANISH\.dbt
[0m16:02:01.144174 [info ] [MainThread]: Using profiles.yml file at C:\Users\MANISH\.dbt\profiles.yml
[0m16:02:01.145162 [info ] [MainThread]: Using dbt_project.yml file at E:\Study\DataEngineering_Dlytica\16th dbt class\dbt_project.yml
[0m16:02:01.145815 [error] [MainThread]: [[31mERROR[0m]: Encountered an error:
Internal Error
  Profile should not be None if loading profile completed
[0m16:02:01.146937 [debug] [MainThread]: Command `dbt debug` failed at 16:02:01.146783 after 0.36 seconds
[0m16:02:01.147399 [debug] [MainThread]: Sending event: {'category': 'dbt', 'action': 'invocation', 'label': 'end', 'context': [<snowplow_tracker.self_describing_json.SelfDescribingJson object at 0x00000280E81448A0>, <snowplow_tracker.self_describing_json.SelfDescribingJson object at 0x00000280E8148CB0>, <snowplow_tracker.self_describing_json.SelfDescribingJson object at 0x00000280E81EA140>]}
[0m16:02:01.147948 [debug] [MainThread]: Flushing usage events
[0m16:02:02.828477 [debug] [MainThread]: An error was encountered while trying to flush usage events
[0m09:40:43.494964 [debug] [MainThread]: Sending event: {'category': 'dbt', 'action': 'invocation', 'label': 'start', 'context': [<snowplow_tracker.self_describing_json.SelfDescribingJson object at 0x000001D074E5DE80>, <snowplow_tracker.self_describing_json.SelfDescribingJson object at 0x000001D072A58910>, <snowplow_tracker.self_describing_json.SelfDescribingJson object at 0x000001D0778AB9D0>]}


============================== 09:40:43.506487 | 93f3813f-df1b-4535-b157-e7fee0092ea7 ==============================
[0m09:40:43.506487 [info ] [MainThread]: Running with dbt=1.12.4
[0m09:40:43.507070 [debug] [MainThread]: running dbt with arguments {'maximum_seed_size_mib': '1', 'no_print': 'None', 'version_check': 'True', 'warn_error_options': 'WarnErrorOptionsV2(error=[], warn=[], silence=[])', 'target_path': 'None', 'static_parser': 'True', 'printer_width': '80', 'write_json': 'True', 'introspect': 'True', 'log_cache_events': 'False', 'empty': 'False', 'cache_selected_only': 'False', 'fail_fast': 'False', 'debug': 'False', 'log_format': 'default', 'profiles_dir': 'C:\\Users\\MANISH\\.dbt', 'send_anonymous_usage_stats': 'True', 'quiet': 'False', 'warn_error': 'None', 'partial_parse': 'True', 'invocation_command': 'dbt run -s stg_product', 'hints_enabled': 'True', 'indirect_selection': 'eager', 'use_experimental_parser': 'False', 'use_colors': 'True', 'log_path': 'logs'}
[0m09:40:43.507581 [error] [MainThread]: [[31mERROR[0m]: Encountered an error:
Runtime Error
  No dbt_project.yml found at expected path E:\Study\DataEngineering_Dlytica\16th dbt class\dbt_project.yml
  Verify that each entry within packages.yml (and their transitive dependencies) contains a file named dbt_project.yml
  
[0m09:40:43.508268 [debug] [MainThread]: Command `python -m dbt.cli.main run` failed at 09:40:43.508175 after 0.15 seconds
[0m09:40:43.508548 [debug] [MainThread]: Sending event: {'category': 'dbt', 'action': 'invocation', 'label': 'end', 'context': [<snowplow_tracker.self_describing_json.SelfDescribingJson object at 0x000001D0778262C0>, <snowplow_tracker.self_describing_json.SelfDescribingJson object at 0x000001D07783F0B0>, <snowplow_tracker.self_describing_json.SelfDescribingJson object at 0x000001D077928490>]}
[0m09:40:43.508832 [debug] [MainThread]: Flushing usage events
[0m09:40:45.078858 [debug] [MainThread]: An error was encountered while trying to flush usage events
[0m09:43:48.019551 [debug] [MainThread]: Sending event: {'category': 'dbt', 'action': 'invocation', 'label': 'start', 'context': [<snowplow_tracker.self_describing_json.SelfDescribingJson object at 0x000001E6A490DE80>, <snowplow_tracker.self_describing_json.SelfDescribingJson object at 0x000001E6A2518A50>, <snowplow_tracker.self_describing_json.SelfDescribingJson object at 0x000001E6A735B9D0>]}


============================== 09:43:48.024190 | 6c5c787a-d00c-4cc2-99d6-875d2373fe1b ==============================
[0m09:43:48.024190 [info ] [MainThread]: Running with dbt=1.12.4
[0m09:43:48.024887 [debug] [MainThread]: running dbt with arguments {'version_check': 'True', 'no_print': 'None', 'maximum_seed_size_mib': '1', 'target_path': 'None', 'warn_error_options': 'WarnErrorOptionsV2(error=[], warn=[], silence=[])', 'static_parser': 'True', 'printer_width': '80', 'write_json': 'True', 'empty': 'False', 'log_cache_events': 'False', 'introspect': 'True', 'cache_selected_only': 'False', 'fail_fast': 'False', 'debug': 'False', 'log_format': 'default', 'profiles_dir': 'C:\\Users\\MANISH\\.dbt', 'send_anonymous_usage_stats': 'True', 'quiet': 'False', 'warn_error': 'None', 'partial_parse': 'True', 'invocation_command': 'dbt run -s stg_product', 'hints_enabled': 'True', 'indirect_selection': 'eager', 'use_experimental_parser': 'False', 'use_colors': 'True', 'log_path': 'logs'}
[0m09:43:48.025454 [error] [MainThread]: [[31mERROR[0m]: Encountered an error:
Runtime Error
  No dbt_project.yml found at expected path E:\Study\DataEngineering_Dlytica\16th dbt class\dbt_project.yml
  Verify that each entry within packages.yml (and their transitive dependencies) contains a file named dbt_project.yml
  
[0m09:43:48.043292 [debug] [MainThread]: Command `python -m dbt.cli.main run` failed at 09:43:48.043020 after 0.16 seconds
[0m09:43:48.043891 [debug] [MainThread]: Sending event: {'category': 'dbt', 'action': 'invocation', 'label': 'end', 'context': [<snowplow_tracker.self_describing_json.SelfDescribingJson object at 0x000001E6A72D62C0>, <snowplow_tracker.self_describing_json.SelfDescribingJson object at 0x000001E6A72EF0B0>, <snowplow_tracker.self_describing_json.SelfDescribingJson object at 0x000001E6A73D8490>]}
[0m09:43:48.044503 [debug] [MainThread]: Flushing usage events
[0m09:43:49.856415 [debug] [MainThread]: An error was encountered while trying to flush usage events
